

















































12:00:00 1/1/19100
Welcome to Universal Machine IX (UMIX).

This machine is a shared resource. Please do not log
in to multiple simultaneous UMIX servers. No game playing
is allowed.

Please log in (use 'guest' for visitor access).
;login: logged in as guest
INTRO.LOG=200@999999|35e6f52e9bc951917c73af391e35e1d


You have new mail. Type 'mail' to view.
% Begin sending characters. Terminate with STOP...
Transferred 512...
Transferred 1024...
Transferred 1536...
Transferred 2048...
Transferred 2560...
Transferred 3072...
Transferred 3584...
Transferred 4096...
writing 4234 characters
INTRO.UMD=10@999999|7005f80d6cd9b7b837802f1e58b11b8

You have new mail. Type 'mail' to view.
% 
You have new mail. Type 'mail' to view.
% V SKIP
X SKIP
XV SKIP
XX SKIP
XXV SKIP
XXX SKIP
XXXV SKIP
XL SKIP
XLV SKIP
L SKIP
LV SKIP
LX SKIP
LXV IF (ARGS() > I) THEN GOTO LXXXV ELSE SKIP
LXX PRINT "usage: ./hack.exe username"
LXXV PRINT CHR(X)
LXXX END
LXXXV SKIP
XC SKIP
XCV DIM username AS STRING
C SET username = ARG(II)
CV SKIP
CX DIM pwdcount AS INTEGER
CXV SET pwdcount = LIII
CXX DIM words(pwdcount) AS STRING
CXXV SET words(I) = "airplane"
CXXX SET words(II) = "alphabet"
CXXXV SET words(III) = "aviator"
CXL SET words(IV) = "bidirectional"
CXLV SET words(V) = "changeme"
CL SET words(VI) = "creosote"
CLV SET words(VII) = "cyclone"
CLX SET words(VIII) = "december"
CLXV SET words(IX) = "dolphin"
CLXX SET words(X) = "elephant"
CLXXV SET words(XI) = "ersatz"
CLXXX SET words(XII) = "falderal"
CLXXXV SET words(XIII) = "functional"
CXC SET words(XIV) = "future"
CXCV SET words(XV) = "guitar"
CC SET words(XVI) = "gymnast"
CCV SET words(XVII) = "hello"
CCX SET words(XVIII) = "imbroglio"
CCXV SET words(XIX) = "january"
CCXX SET words(XX) = "joshua"
CCXXV SET words(XXI) = "kernel"
CCXXX SET words(XXII) = "kingfish"
CCXXXV SET words(XXIII) = "(\b.bb)(\v.vv)"
CCXL SET words(XXIV) = "millennium"
CCXLV SET words(XXV) = "monday"
CCL SET words(XXVI) = "nemesis"
CCLV SET words(XXVII) = "oatmeal"
CCLX SET words(XXVIII) = "october"
CCLXV SET words(XXIX) = "paladin"
CCLXX SET words(XXX) = "pass"
CCLXXV SET words(XXXI) = "password"
CCLXXX SET words(XXXII) = "penguin"
CCLXXXV SET words(XXXIII) = "polynomial"
CCXC SET words(XXXIV) = "popcorn"
CCXCV SET words(XXXV) = "qwerty"
CCC SET words(XXXVI) = "sailor"
CCCV SET words(XXXVII) = "swordfish"
CCCX SET words(XXXVIII) = "symmetry"
CCCXV SET words(XXXIX) = "system"
CCCXX SET words(XL) = "tattoo"
CCCXXV SET words(XLI) = "thursday"
CCCXXX SET words(XLII) = "tinman"
CCCXXXV SET words(XLIII) = "topography"
CCCXL SET words(XLIV) = "unicorn"
CCCXLV SET words(XLV) = "vader"
CCCL SET words(XLVI) = "vampire"
CCCLV SET words(XLVII) = "viper"
CCCLX SET words(XLVIII) = "warez"
CCCLXV SET words(XLIX) = "xanadu"
CCCLXX SET words(L) = "xyzzy"
CCCLXXV SET words(LI) = "zephyr"
CCCLXXX SET words(LII) = "zeppelin"
CCCLXXXV SET words(LIII) = "zxcvbnm"
CCCXC SKIP
CCCXCV PRINT ((("attempting hack with " + pwdcount) + " passwords ") + CHR(X))
CD DIM i AS INTEGER
CDV SET i = I
CDX IF CHECKPASS(username, words(i)) THEN GOTO CDXXX ELSE SKIP
CDXV SET i = (i + I)
CDXX IF (i > pwdcount) THEN GOTO CDXLV ELSE SKIP
CDXXV GOTO CDX
CDXXX PRINT (("found match!! for user " + username) + CHR(X))
CDXXXV PRINT (("password: " + words(i)) + CHR(X))
CDXL END
CDXLV PRINT (("no simple matches for user " + username) + CHR(X))
CDL SKIP
CDLV SKIP
CDLX SKIP
CDLXV SKIP
CDLXX SKIP
CDLXXV SKIP
CDLXXX SKIP
CDLXXXV SKIP
CDXC SET i = I
CDXCV DIM j AS INTEGER
CDXCVI DIM k AS INTEGER
D SET j = I
DI SET k = I
DV IF CHECKPASS(username, ((words(i) + CHR((j + XLVII))) + CHR((k + XLVII)))) THEN GOTO DXL ELSE SKIP
DVI SET k = (k + I)
DVII IF (k < XI) THEN GOTO DV ELSE SKIP
DX SET j = (j + I)
DXV IF (j < XI) THEN GOTO DI ELSE SKIP
DXX SET i = (i + I)
DXXV IF (i <= pwdcount) THEN GOTO D ELSE SKIP
DXXX PRINT (("no extended matches for user " + username) + CHR(X))
DXXXV END
DXL PRINT (("found match!! for user " + username) + CHR(X))
DXLV PRINT (((("password: " + words(i)) + CHR(j)) + CHR(k)) + CHR(X))
DL END
INTRO.QBC=10@999999|e6ee9c98b80b4dd04814a29a37bcba8
Compiled.

You have new mail. Type 'mail' to view.
% ftd/
knr/
guest/
gardener/
ohmega/
yang/
howie/
hmonk/
bbarker/

You have new mail. Type 'mail' to view.
% attempting hack with LIII passwords 
found match!! for user howie
password: xyzzy

You have new mail. Type 'mail' to view.
% attempting hack with LIII passwords 
no simple matches for user knr
no extended matches for user knr

You have new mail. Type 'mail' to view.
% attempting hack with LIII passwords 
no simple matches for user gardener
no extended matches for user gardener

You have new mail. Type 'mail' to view.
% attempting hack with LIII passwords 
found match!! for user ohmega
password: bidirectional

You have new mail. Type 'mail' to view.
% attempting hack with LIII passwords 
no simple matches for user yang
no extended matches for user yang

You have new mail. Type 'mail' to view.
% attempting hack with LIII passwords 
no simple matches for user hmonk
no extended matches for user hmonk

You have new mail. Type 'mail' to view.
% attempting hack with LIII passwords 
no simple matches for user bbarker
no extended matches for user bbarker

You have new mail. Type 'mail' to view.
% 